Archive member included to satisfy reference by file (symbol)

/opt/esp-open-sdk/sdk/lib/libmain.a(debug-vector.o)
                              (_DebugExceptionVector)
/opt/esp-open-sdk/sdk/lib/libmain.a(double-vector.o)
                              (_DoubleExceptionVector)
/opt/esp-open-sdk/sdk/lib/libmain.a(kernel-vector.o)
                              (_KernelExceptionVector)
/opt/esp-open-sdk/sdk/lib/libmain.a(nmi-vector.o)
                              (_NMIExceptionVector)
/opt/esp-open-sdk/sdk/lib/libmain.a(user-vector.o)
                              (_UserExceptionVector)
/opt/esp-open-sdk/sdk/lib/libmain.a(vector.o)
                              (call_user_start)
/opt/esp-open-sdk/sdk/lib/libmain.a(app_main.o)
                              /opt/esp-open-sdk/sdk/lib/libmain.a(nmi-vector.o) (NMI_Handler)
/opt/esp-open-sdk/sdk/lib/libmain.a(ets_timer.o)
                              /opt/esp-open-sdk/sdk/lib/libmain.a(app_main.o) (ets_timer_setfn)
/opt/esp-open-sdk/sdk/lib/libmain.a(mem_manager.o)
                              /opt/esp-open-sdk/sdk/lib/libmain.a(app_main.o) (pvPortMalloc)
/opt/esp-open-sdk/sdk/lib/libmain.a(spi_flash.o)
                              /opt/esp-open-sdk/sdk/lib/libmain.a(app_main.o) (spi_flash_get_id)
/opt/esp-open-sdk/sdk/lib/libmain.a(user_interface.o)
                              /opt/esp-open-sdk/sdk/lib/libmain.a(app_main.o) (done_cb)
/opt/esp-open-sdk/sdk/lib/libmain.a(eagle_lib.o)
                              /opt/esp-open-sdk/sdk/lib/libmain.a(user_interface.o) (ets_sprintf)
/opt/esp-open-sdk/sdk/lib/libmain.a(eagle_lwip_if.o)
                              /opt/esp-open-sdk/sdk/lib/libmain.a(user_interface.o) (hostname)
/opt/Sming/Sming/compiler/lib//libsming.a(crash_handler.o)
                              /opt/esp-open-sdk/sdk/lib/libmain.a(app_main.o) (__wrap_system_restart_local)
/opt/Sming/Sming/compiler/lib//libsming.a(user_main.o)
                              /opt/esp-open-sdk/sdk/lib/libmain.a(app_main.o) (user_init)
/opt/Sming/Sming/compiler/lib//libsming.a(System.o)
                              /opt/Sming/Sming/compiler/lib//libsming.a(user_main.o) (_ZN11SystemClass10initializeEv)
/opt/Sming/Sming/compiler/lib//libsming.a(gdbstub.o)
                              /opt/Sming/Sming/compiler/lib//libsming.a(user_main.o) (gdbstub_init)
/opt/Sming/Sming/compiler/lib//libsming.a(esp_cplusplus.o)
                              /opt/Sming/Sming/compiler/lib//libsming.a(user_main.o) (cpp_core_initialize)
/opt/Sming/Sming/compiler/lib//libsming.a(m_printf.o)
                              /opt/Sming/Sming/compiler/lib//libsming.a(esp_cplusplus.o) (m_printf)
/opt/Sming/Sming/compiler/lib//libsming.a(IPAddress.o)
                              /opt/Sming/Sming/compiler/lib//libsming.a(user_main.o) (_ZN9IPAddressC1Ehhhh)
/opt/Sming/Sming/compiler/lib//libsming.a(Print.o)
                              /opt/Sming/Sming/compiler/lib//libsming.a(IPAddress.o) (_ZN5Print5printEc)
/opt/Sming/Sming/compiler/lib//libsming.a(WString.o)
                              /opt/Sming/Sming/compiler/lib//libsming.a(IPAddress.o) (_ZN6StringD1Ev)
/opt/Sming/Sming/compiler/lib//libsming.a(FakePgmSpace.o)
                              /opt/Sming/Sming/compiler/lib//libsming.a(IPAddress.o) (strncpy_P)
/opt/Sming/Sming/compiler/lib//libsming.a(gdbstub-entry.o)
                              /opt/Sming/Sming/compiler/lib//libsming.a(gdbstub.o) (gdbstub_save_extra_sfrs_for_exception)
/opt/Sming/Sming/compiler/lib//libsming.a(stringconversion.o)
                              /opt/Sming/Sming/compiler/lib//libsming.a(m_printf.o) (ltoa_wp)
out/build/app_app.a(application.o)
                              /opt/Sming/Sming/compiler/lib//libsming.a(user_main.o) (_Z4initv)
out/build/app_app.a(ads101x.o)
                              out/build/app_app.a(application.o) (_ZN7rijnfel3ads8cADS101xC1Eh)
/opt/Sming/Sming/compiler/lib//libmicroc.a(isspace.o)
                              /opt/Sming/Sming/compiler/lib//libsming.a(WString.o) (isspace)
/opt/Sming/Sming/compiler/lib//libmicroc.a(tolower.o)
                              /opt/Sming/Sming/compiler/lib//libsming.a(WString.o) (tolower)
/opt/Sming/Sming/compiler/lib//libmicroc.a(toupper.o)
                              /opt/Sming/Sming/compiler/lib//libsming.a(WString.o) (toupper)
/opt/Sming/Sming/compiler/lib//libmicroc.a(atof.o)
                              /opt/Sming/Sming/compiler/lib//libsming.a(WString.o) (atof)
/opt/Sming/Sming/compiler/lib//libmicroc.a(atoi.o)
                              /opt/Sming/Sming/compiler/lib//libsming.a(WString.o) (atoi)
/opt/Sming/Sming/compiler/lib//libmicroc.a(strtod.o)
                              /opt/Sming/Sming/compiler/lib//libmicroc.a(atof.o) (strtod)
/opt/Sming/Sming/compiler/lib//libmicroc.a(__fpclassify.o)
                              /opt/Sming/Sming/compiler/lib//libsming.a(Print.o) (__fpclassifyd)
/opt/Sming/Sming/compiler/lib//libmicroc.a(strchr.o)
[...]
Memory Configuration

Name             Origin             Length             Attributes
dport0_0_seg     0x000000003ff00000 0x0000000000000010
dram0_0_seg      0x000000003ffe8000 0x0000000000014000
iram1_0_seg      0x0000000040100000 0x0000000000008000
irom0_0_seg      0x000000004020a000 0x00000000000f6000
*default*        0x0000000000000000 0xffffffffffffffff

Linker script and memory map

START GROUP
LOAD /opt/Sming/Sming/compiler/lib//libmicroc.a
LOAD /opt/Sming/Sming/compiler/lib//libmicrogcc.a
LOAD /opt/esp-open-sdk/xtensa-lx106-elf/xtensa-lx106-elf/sysroot/usr/lib/libhal.a
LOAD /opt/esp-open-sdk/sdk/lib/libphy.a
LOAD /opt/esp-open-sdk/sdk/lib/libpp.a
LOAD /opt/esp-open-sdk/sdk/lib/libnet80211.a
LOAD /opt/Sming/Sming/compiler/lib//liblwip_open.a
LOAD /opt/esp-open-sdk/sdk/lib/libwpa.a
LOAD /opt/esp-open-sdk/sdk/lib/libmain.a
LOAD /opt/Sming/Sming/compiler/lib//libsming.a
LOAD /opt/esp-open-sdk/sdk/lib/libcrypto.a
LOAD /opt/Sming/Sming/compiler/lib//libpwm_open.a
LOAD /opt/esp-open-sdk/sdk/lib/libsmartconfig.a
LOAD out/build/app_app.a
END GROUP
                [!provide]                        PROVIDE (_memmap_vecbase_reset, 0x40000000)
                0x0000000000000110                _memmap_cacheattr_wb_base = 0x110
                0x0000000000000110                _memmap_cacheattr_wt_base = 0x110
                0x0000000000000220                _memmap_cacheattr_bp_base = 0x220
                0x00000000fffff00f                _memmap_cacheattr_unused_mask = 0xfffff00f
                0x000000002222211f                _memmap_cacheattr_wb_trapnull = 0x2222211f
                0x000000002222211f                _memmap_cacheattr_wba_trapnull = 0x2222211f
                0x000000002222211f                _memmap_cacheattr_wbna_trapnull = 0x2222211f
                0x000000002222211f                _memmap_cacheattr_wt_trapnull = 0x2222211f
                0x000000002222222f                _memmap_cacheattr_bp_trapnull = 0x2222222f
                0x00000000fffff11f                _memmap_cacheattr_wb_strict = 0xfffff11f
                0x00000000fffff11f                _memmap_cacheattr_wt_strict = 0xfffff11f
                0x00000000fffff22f                _memmap_cacheattr_bp_strict = 0xfffff22f
                0x0000000022222112                _memmap_cacheattr_wb_allvalid = 0x22222112
                0x0000000022222112                _memmap_cacheattr_wt_allvalid = 0x22222112
                0x0000000022222222                _memmap_cacheattr_bp_allvalid = 0x22222222
                [!provide]                        PROVIDE (_memmap_cacheattr_reset, _memmap_cacheattr_wb_trapnull)

.dport0.rodata  0x000000003ff00000        0x0
                0x000000003ff00000                _dport0_rodata_start = ABSOLUTE (.)
 *(.dport0.rodata)
 *(.dport.rodata)
                0x000000003ff00000                _dport0_rodata_end = ABSOLUTE (.)

.dport0.literal
                0x000000003ff00000        0x0
                0x000000003ff00000                _dport0_literal_start = ABSOLUTE (.)
 *(.dport0.literal)
 *(.dport.literal)
                0x000000003ff00000                _dport0_literal_end = ABSOLUTE (.)

.dport0.data    0x000000003ff00000        0x0
                0x000000003ff00000                _dport0_data_start = ABSOLUTE (.)
 *(.dport0.data)
 *(.dport.data)
                0x000000003ff00000                _dport0_data_end = ABSOLUTE (.)

.data           0x000000003ffe8000      0x389
                0x000000003ffe8000                _data_start = ABSOLUTE (.)
 *(.data)
 .data          0x000000003ffe8000        0x4 /opt/esp-open-sdk/sdk/lib/libmain.a(nmi-vector.o)
                0x000000003ffe8000                _Pri_3_HandlerAddress
 .data          0x000000003ffe8004        0x1 /opt/esp-open-sdk/sdk/lib/libmain.a(app_main.o)
 *fill*         0x000000003ffe8005        0x3 
 .data          0x000000003ffe8008        0x6 /opt/esp-open-sdk/sdk/lib/libmain.a(user_interface.o)
                0x000000003ffe8009                timer2_ms_flag
                0x000000003ffe800a                dhcps_flag
                0x000000003ffe800b                dhcpc_flag
                0x000000003ffe800d                reconnect_internal
 *fill*         0x000000003ffe800e        0x2 
 .data          0x000000003ffe8010        0x1 /opt/esp-open-sdk/sdk/lib/libmain.a(eagle_lwip_if.o)
                0x000000003ffe8010                default_hostname
 *fill*         0x000000003ffe8011        0xf 
 .data          0x000000003ffe8020       0x53 /opt/esp-open-sdk/sdk/lib/libphy.a(phy_chip_v6.o)
                0x000000003ffe8022                tx_rf_ana_gain
                0x000000003ffe8050                rx_gain_swp
                0x000000003ffe8070                test_rffreq_txcap
 *fill*         0x000000003ffe8073        0x1 
 .data          0x000000003ffe8074        0x1 /opt/esp-open-sdk/sdk/lib/libphy.a(phy_chip_v6_cal.o)
                0x000000003ffe8074                rfcal_bb_atten_init
 *fill*         0x000000003ffe8075        0x3 
 .data          0x000000003ffe8078        0x4 /opt/esp-open-sdk/sdk/lib/libphy.a(phy_sleep.o)
                0x000000003ffe8078                chip_version
 .data          0x000000003ffe807c        0x1 /opt/esp-open-sdk/sdk/lib/libpp.a(pm.o)
 *fill*         0x000000003ffe807d        0x3 
 .data          0x000000003ffe8080        0x1 /opt/esp-open-sdk/sdk/lib/libpp.a(pm_for_bcn_only_mode.o)
 *fill*         0x000000003ffe8081        0x3 
 .data          0x000000003ffe8084       0x1c /opt/esp-open-sdk/sdk/lib/libpp.a(pp.o)
                0x000000003ffe8084                soft_wdt_interval
                0x000000003ffe8088                NoiseTimerInterval
                0x000000003ffe8090                sleep_start_wait_time
                0x000000003ffe8098                CanDoFreqCal
                0x000000003ffe809c                tcb
 .data          0x000000003ffe80a0       0x40 /opt/esp-open-sdk/sdk/lib/libpp.a(rate_control.o)
 .data          0x000000003ffe80e0      0x24c /opt/esp-open-sdk/sdk/lib/libpp.a(trc.o)
 .data          0x000000003ffe832c        0x8 /opt/esp-open-sdk/sdk/lib/libpp.a(wdev.o)
 .data          0x000000003ffe8334        0x1 /opt/esp-open-sdk/sdk/lib/libnet80211.a(ieee80211_hostap.o)
                0x000000003ffe8334                TmpSTAAPCloseAP
 *fill*         0x000000003ffe8335        0x3 
 .data          0x000000003ffe8338        0x1 /opt/esp-open-sdk/sdk/lib/libnet80211.a(wl_cnx.o)
 *fill*         0x000000003ffe8339        0x7 
 .data          0x000000003ffe8340       0x1c /opt/esp-open-sdk/sdk/lib/libnet80211.a(ieee80211_action.o)
 .data          0x000000003ffe835c        0x4 /opt/Sming/Sming/compiler/lib//liblwip_open.a(dhcp.o)
 .data          0x000000003ffe8360        0x6 /opt/Sming/Sming/compiler/lib//liblwip_open.a(tcp.o)
 *fill*         0x000000003ffe8366        0x2 
 .data          0x000000003ffe8368        0x5 /opt/Sming/Sming/compiler/lib//liblwip_open.a(dhcpserver.o)
                0x000000003ffe8368                dhcps_lease_time
 *(.data.*)
 *fill*         0x000000003ffe836d        0x3 
 .data.cbc_printchar
                0x000000003ffe8370        0x4 /opt/Sming/Sming/compiler/lib//libsming.a(m_printf.o)
                0x000000003ffe8370                cbc_printchar
 .data.esp8266_gpioToFn
                0x000000003ffe8374       0x10 /opt/Sming/Sming/compiler/lib//libsming.a(Digital.o)
                0x000000003ffe8374                esp8266_gpioToFn
 .data._ZL15default_sda_pin
                0x000000003ffe8384        0x4 /opt/Sming/Sming/compiler/lib//libsming.a(Wire.o)
 .data.twi_dcount
                0x000000003ffe8388        0x1 /opt/Sming/Sming/compiler/lib//libsming.a(core_esp8266_si2c.o)
                0x000000003ffe8388                twi_dcount
 *(.gnu.linkonce.d.*)
 *(.data1)
 *(.sdata)
 *(.sdata.*)
 *(.gnu.linkonce.s.*)
 *(.sdata2)
 *(.sdata2.*)
 *(.gnu.linkonce.s2.*)
 *(.jcr)
                0x000000003ffe8389                _data_end = ABSOLUTE (.)

.rodata         0x000000003ffe8390      0x9dc
                0x000000003ffe8390                _rodata_start = ABSOLUTE (.)
 *(.sdk.version)
 .sdk.version   0x000000003ffe8390       0x10 /opt/esp-open-sdk/sdk/lib/libmain.a(app_main.o)
                0x000000003ffe8390                SDK_VERSION
 *(.rodata)
 .rodata        0x000000003ffe83a0       0x34 /opt/Sming/Sming/compiler/lib//libsming.a(gdbstub.o)
 .rodata        0x000000003ffe83d4        0x8 /opt/esp-open-sdk/sdk/lib/libphy.a(phy_chip_v6.o)
 .rodata        0x000000003ffe83dc        0x4 /opt/esp-open-sdk/sdk/lib/libpp.a(pp.o)
 .rodata        0x000000003ffe83e0        0x8 /opt/esp-open-sdk/sdk/lib/libnet80211.a(ieee80211_hostap.o)
 .rodata        0x000000003ffe83e8        0x9 /opt/esp-open-sdk/sdk/lib/libnet80211.a(ieee80211_output.o)
 *fill*         0x000000003ffe83f1        0x3 
 .rodata        0x000000003ffe83f4       0x14 /opt/Sming/Sming/compiler/lib//liblwip_open.a(pbuf.o)
 .rodata        0x000000003ffe8408       0x20 /opt/Sming/Sming/compiler/lib//liblwip_open.a(tcp.o)
 .rodata        0x000000003ffe8428        0xc /opt/Sming/Sming/compiler/lib//liblwip_open.a(etharp.o)
                0x000000003ffe8428                ethzero
                0x000000003ffe842e                ethbroadcast
 .rodata        0x000000003ffe8434       0x20 /opt/Sming/Sming/compiler/lib//liblwip_open.a(tcp_in.o)
 *(.rodata.*)
 .rodata.str1.4
                0x000000003ffe8454        0xc /opt/esp-open-sdk/sdk/lib/libmain.a(app_main.o)
 .rodata.str1.4
                0x000000003ffe8460        0x4 /opt/esp-open-sdk/sdk/lib/libmain.a(ets_timer.o)
                                          0xc (size before relaxing)
 .rodata.str1.4
                0x000000003ffe8464       0x1a /opt/esp-open-sdk/sdk/lib/libmain.a(mem_manager.o)
 .rodata.str1.1
                0x000000003ffe847e       0xe2 /opt/Sming/Sming/compiler/lib//libsming.a(crash_handler.o)
                                        0x124 (size before relaxing)
 .rodata._ZL14EspDigitalPins
                0x000000003ffe8560       0xc0 /opt/Sming/Sming/compiler/lib//libsming.a(user_main.o)
 .rodata._ZTV6VectorI8DelegateIFvvEEE
                0x000000003ffe8620       0x1c /opt/Sming/Sming/compiler/lib//libsming.a(System.o)
                0x000000003ffe8620                _ZTV6VectorI8DelegateIFvvEEE
 *fill*         0x000000003ffe863c        0x4 
 .rodata._ZTV6VectorIP19ISystemReadyHandlerE
                0x000000003ffe8640       0x1c /opt/Sming/Sming/compiler/lib//libsming.a(System.o)
                0x000000003ffe8640                _ZTV6VectorIP19ISystemReadyHandlerE
 .rodata.str1.1
                0x000000003ffe865c      0x157 /opt/Sming/Sming/compiler/lib//libsming.a(gdbstub.o)
                                        0x19b (size before relaxing)
 .rodata.str1.1
                0x000000003ffe87b3       0x41 /opt/Sming/Sming/compiler/lib//libsming.a(esp_cplusplus.o)
 .rodata.str1.1
                0x000000003ffe87f4        0x7 /opt/Sming/Sming/compiler/lib//libsming.a(m_printf.o)
 *fill*         0x000000003ffe87fb        0x5 
 .rodata._ZTV9IPAddress
                0x000000003ffe8800        0xc /opt/Sming/Sming/compiler/lib//libsming.a(IPAddress.o)
                0x000000003ffe8800                _ZTV9IPAddress
 .rodata.str1.1
                0x000000003ffe880c       0x21 /opt/Sming/Sming/compiler/lib//libsming.a(stringconversion.o)
 .rodata.str1.1
                0x000000003ffe882d       0x11 out/build/app_app.a(application.o)
 *fill*         0x000000003ffe883e        0x2 
 .rodata._ZTVN7rijnfel7cSensorINS_3ads12ads_sample_tEEE
                0x000000003ffe8840       0x1c out/build/app_app.a(application.o)
                0x000000003ffe8840                _ZTVN7rijnfel7cSensorINS_3ads12ads_sample_tEEE
 .rodata._ZN7rijnfel3ads8cADS101x13ConvertSampleERNS0_12ads_sample_tE
                0x000000003ffe885c       0x18 out/build/app_app.a(ads101x.o)
 .rodata.str1.1
                0x000000003ffe8874       0x19 out/build/app_app.a(ads101x.o)
 *fill*         0x000000003ffe888d        0x3 
 .rodata._ZTVN7rijnfel3ads8cADS101xE
                0x000000003ffe8890       0x20 out/build/app_app.a(ads101x.o)
                0x000000003ffe8890                _ZTVN7rijnfel3ads8cADS101xE
 .rodata.str1.1
                0x000000003ffe88b0        0xc /opt/Sming/Sming/compiler/lib//libmicroc.a(abort.o)
 .rodata.str1.4
                0x000000003ffe88bc        0x4 /opt/esp-open-sdk/sdk/lib/libpp.a(lmac.o)
                                          0xc (size before relaxing)
 .rodata.str1.4
                0x000000003ffe88c0        0x3 /opt/esp-open-sdk/sdk/lib/libpp.a(pm.o)
                                          0xb (size before relaxing)
 *fill*         0x000000003ffe88c3        0x1 
 .rodata.str1.4
                0x000000003ffe88c4        0x4 /opt/esp-open-sdk/sdk/lib/libpp.a(pm_for_bcn_only_mode.o)
                                          0xc (size before relaxing)
 .rodata.str1.4
                0x000000003ffe88c8        0x8 /opt/esp-open-sdk/sdk/lib/libpp.a(pp.o)
                                         0x10 (size before relaxing)
 .rodata.str1.4
                0x000000003ffe88d0        0x4 /opt/esp-open-sdk/sdk/lib/libpp.a(wdev.o)
                                          0xc (size before relaxing)
 .rodata.str1.4
                0x000000003ffe88d4        0x3 /opt/esp-open-sdk/sdk/lib/libnet80211.a(ieee80211_hostap.o)
                                          0x8 (size before relaxing)
 *fill*         0x000000003ffe88d7        0x1 
 .rodata.str1.4
                0x000000003ffe88d8        0x7 /opt/esp-open-sdk/sdk/lib/libnet80211.a(ieee80211_mesh_quick.o)
 .rodata.str1.4
                0x000000003ffe88df        0x4 /opt/esp-open-sdk/sdk/lib/libnet80211.a(ieee80211_sta.o)
 .rodata.str1.4
                0x000000003ffe88df        0x4 /opt/esp-open-sdk/sdk/lib/libnet80211.a(ieee80211_action_vendor.o)
 .rodata.str1.4
                0x000000003ffe88df        0x4 /opt/esp-open-sdk/sdk/lib/libnet80211.a(ieee80211_ie_vendor.o)
 .rodata.str1.1
                0x000000003ffe88df        0xe /opt/Sming/Sming/compiler/lib//liblwip_open.a(dhcp.o)
                                          0xf (size before relaxing)
 .rodata.str1.1
                0x000000003ffe88ed        0x1 /opt/Sming/Sming/compiler/lib//liblwip_open.a(dns.o)
 .rodata.str1.1
                0x000000003ffe88ed        0x1 /opt/Sming/Sming/compiler/lib//liblwip_open.a(pbuf.o)
 .rodata.str1.1
                0x000000003ffe88ed        0x1 /opt/Sming/Sming/compiler/lib//liblwip_open.a(tcp.o)
 .rodata.str1.1
                0x000000003ffe88ed        0x1 /opt/Sming/Sming/compiler/lib//liblwip_open.a(tcp_out.o)
 .rodata.str1.1
                0x000000003ffe88ed        0x1 /opt/Sming/Sming/compiler/lib//liblwip_open.a(timers.o)
 .rodata.str1.1
                0x000000003ffe88ed        0x1 /opt/Sming/Sming/compiler/lib//liblwip_open.a(udp.o)
 .rodata.str1.1
                0x000000003ffe88ed        0x1 /opt/Sming/Sming/compiler/lib//liblwip_open.a(igmp.o)
 .rodata.str1.1
                0x000000003ffe88ed       0x11 /opt/Sming/Sming/compiler/lib//liblwip_open.a(ip.o)
 .rodata.str1.1
                0x000000003ffe88fe        0x1 /opt/Sming/Sming/compiler/lib//liblwip_open.a(etharp.o)
 .rodata.str1.1
                0x000000003ffe88fe       0x45 /opt/Sming/Sming/compiler/lib//liblwip_open.a(dhcpserver.o)
                                         0x46 (size before relaxing)
 .rodata.str1.1
                0x000000003ffe8943        0x1 /opt/Sming/Sming/compiler/lib//liblwip_open.a(raw.o)
 .rodata.str1.1
                0x000000003ffe8943        0x1 /opt/Sming/Sming/compiler/lib//liblwip_open.a(tcp_in.o)
 *fill*         0x000000003ffe8943        0x1 
 .rodata.str1.4
                0x000000003ffe8944       0x10 /opt/esp-open-sdk/sdk/lib/libwpa.a(wpa_debug.o)
                                          0xd (size before relaxing)
 *fill*         0x000000003ffe8954        0x4 
 .rodata._ZTV5Timer
                0x000000003ffe8958        0xc /opt/Sming/Sming/compiler/lib//libsming.a(Timer.o)
                0x000000003ffe8958                _ZTV5Timer
 *fill*         0x000000003ffe8964        0x4 
 .rodata._ZTV7TwoWire
                0x000000003ffe8968       0x20 /opt/Sming/Sming/compiler/lib//libsming.a(Wire.o)
                0x000000003ffe8968                _ZTV7TwoWire
 .rodata._ZTV14HardwareSerial
                0x000000003ffe8988       0x20 /opt/Sming/Sming/compiler/lib//libsming.a(HardwareSerial.o)
                0x000000003ffe8988                _ZTV14HardwareSerial
 .rodata._ZTV19ISystemReadyHandler
                0x000000003ffe89a8       0x14 /opt/Sming/Sming/compiler/lib//libsming.a(WDT.o)
                0x000000003ffe89a8                _ZTV19ISystemReadyHandler
 *fill*         0x000000003ffe89bc        0x4 
 .rodata._ZTV8WDTClass
                0x000000003ffe89c0       0x14 /opt/Sming/Sming/compiler/lib//libsming.a(WDT.o)
                0x000000003ffe89c0                _ZTV8WDTClass
 *fill*         0x000000003ffe89d4        0x4 
 .rodata._ZTV6VectorI19WebSocketConnectionE
                0x000000003ffe89d8       0x1c /opt/Sming/Sming/compiler/lib//libsming.a(WebSocketConnection.o)
                0x000000003ffe89d8                _ZTV6VectorI19WebSocketConnectionE
 .rodata.str1.1
                0x000000003ffe89f4      0x2f0 /opt/Sming/Sming/compiler/lib//libsming.a(CommandHandler.o)
                                        0x2f4 (size before relaxing)
 .rodata.str1.1
                0x000000003ffe8ce4        0x1 /opt/Sming/Sming/compiler/lib//libsming.a(CommandDelegate.o)
 *(.gnu.linkonce.r.*)
 *(.rodata1)
                0x000000003ffe8ce5                __XT_EXCEPTION_TABLE__ = ABSOLUTE (.)
 *(.xt_except_table)
 *(.gcc_except_table)
 *(.gnu.linkonce.e.*)
 *(.gnu.version_r)
 *(.eh_frame)
                0x000000003ffe8ce8                . = ((. + 0x3) & 0xfffffffffffffffc)
                0x000000003ffe8ce8                __dso_handle = ABSOLUTE (.)
                0x000000003ffe8ce8                __init_array_start = ABSOLUTE (.)
 *crtbegin.o(.ctors)
 *(EXCLUDE_FILE(*crtend.o) .ctors)
 .ctors         0x000000003ffe8ce4        0x4 /opt/Sming/Sming/compiler/lib//libsming.a(user_main.o)
 .ctors         0x000000003ffe8ce8        0x4 /opt/Sming/Sming/compiler/lib//libsming.a(System.o)
 .ctors         0x000000003ffe8cec        0x4 /opt/Sming/Sming/compiler/lib//libsming.a(IPAddress.o)
 .ctors         0x000000003ffe8cf0        0x4 /opt/Sming/Sming/compiler/lib//libsming.a(Print.o)
 .ctors         0x000000003ffe8cf4        0x4 /opt/Sming/Sming/compiler/lib//libsming.a(WString.o)
 .ctors         0x000000003ffe8cf8        0x4 out/build/app_app.a(application.o)
 .ctors         0x000000003ffe8cfc        0x4 out/build/app_app.a(ads101x.o)
 .ctors         0x000000003ffe8d00        0x4 /opt/Sming/Sming/compiler/lib//libsming.a(Digital.o)
 .ctors         0x000000003ffe8d04        0x4 /opt/Sming/Sming/compiler/lib//libsming.a(Wire.o)
 .ctors         0x000000003ffe8d08        0x4 /opt/Sming/Sming/compiler/lib//libsming.a(HardwareSerial.o)
 .ctors         0x000000003ffe8d0c        0x4 /opt/Sming/Sming/compiler/lib//libsming.a(WDT.o)
 .ctors         0x000000003ffe8d10        0x4 /opt/Sming/Sming/compiler/lib//libsming.a(CommandExecutor.o)
 .ctors         0x000000003ffe8d14        0x4 /opt/Sming/Sming/compiler/lib//libsming.a(uart.o)
 .ctors         0x000000003ffe8d18        0x4 /opt/Sming/Sming/compiler/lib//libsming.a(Clock.o)
 .ctors         0x000000003ffe8d1c        0x4 /opt/Sming/Sming/compiler/lib//libsming.a(WebSocketConnection.o)
 .ctors         0x000000003ffe8d20        0x4 /opt/Sming/Sming/compiler/lib//libsming.a(CommandHandler.o)
 .ctors         0x000000003ffe8d24        0x4 /opt/Sming/Sming/compiler/lib//libsming.a(CommandOutput.o)
 .ctors         0x000000003ffe8d28        0x4 /opt/Sming/Sming/compiler/lib//libsming.a(CommandDelegate.o)
 .ctors         0x000000003ffe8d2c        0x4 /opt/Sming/Sming/compiler/lib//libsming.a(SystemClock.o)
 .ctors         0x000000003ffe8d30        0x4 /opt/Sming/Sming/compiler/lib//libsming.a(TcpConnection.o)
 .ctors         0x000000003ffe8d34        0x4 /opt/Sming/Sming/compiler/lib//libsming.a(TcpClient.o)
 .ctors         0x000000003ffe8d38        0x4 /opt/Sming/Sming/compiler/lib//libsming.a(HttpResponse.o)
 .ctors         0x000000003ffe8d3c        0x4 /opt/Sming/Sming/compiler/lib//libsming.a(HttpRequest.o)
 .ctors         0x000000003ffe8d40        0x4 /opt/Sming/Sming/compiler/lib//libsming.a(RTC.o)
 .ctors         0x000000003ffe8d44        0x4 /opt/Sming/Sming/compiler/lib//libsming.a(DateTime.o)
 .ctors         0x000000003ffe8d48        0x4 /opt/Sming/Sming/compiler/lib//libsming.a(ArduinoJson.o)
 *(SORT(.ctors.*))
 *(.ctors)
                0x000000003ffe8d4c                __init_array_end = ABSOLUTE (.)
 *crtbegin.o(.dtors)
 *(EXCLUDE_FILE(*crtend.o) .dtors)
 .dtors         0x000000003ffe8d4c        0x4 /opt/Sming/Sming/compiler/lib//libsming.a(System.o)
 .dtors         0x000000003ffe8d50        0x4 out/build/app_app.a(application.o)
 .dtors         0x000000003ffe8d54        0x4 /opt/Sming/Sming/compiler/lib//libsming.a(HardwareSerial.o)
 .dtors         0x000000003ffe8d58        0x4 /opt/Sming/Sming/compiler/lib//libsming.a(WDT.o)
 .dtors         0x000000003ffe8d5c        0x4 /opt/Sming/Sming/compiler/lib//libsming.a(WebSocketConnection.o)
 .dtors         0x000000003ffe8d60        0x4 /opt/Sming/Sming/compiler/lib//libsming.a(CommandHandler.o)
 *(SORT(.dtors.*))
 *(.dtors)
                0x000000003ffe8d64                __XT_EXCEPTION_DESCS__ = ABSOLUTE (.)
 *(.xt_except_desc)
 *(.gnu.linkonce.h.*)
                0x000000003ffe8d64                __XT_EXCEPTION_DESCS_END__ = ABSOLUTE (.)
 *(.xt_except_desc_end)
 *(.dynamic)
 *(.gnu.version_d)
                0x000000003ffe8d64                . = ALIGN (0x4)
                0x000000003ffe8d64                _bss_table_start = ABSOLUTE (.)
                0x000000003ffe8d64        0x4 LONG 0x3ffe8d70 _bss_start
                0x000000003ffe8d68        0x4 LONG 0x3ffef160 _bss_end
                0x000000003ffe8d6c                _bss_table_end = ABSOLUTE (.)
                0x000000003ffe8d6c                _rodata_end = ABSOLUTE (.)

.bss            0x000000003ffe8d70     0x63f0
                0x000000003ffe8d70                . = ALIGN (0x8)
                0x000000003ffe8d70                _bss_start = ABSOLUTE (.)
 *(.dynsbss)
 *(.sbss)
 *(.sbss.*)
 *(.gnu.linkonce.sb.*)
 *(.scommon)
 *(.sbss2)
 *(.sbss2.*)
 *(.gnu.linkonce.sb2.*)
 *(.dynbss)
 *(.bss)
 .bss           0x000000003ffe8d70      0x1c0 /opt/esp-open-sdk/sdk/lib/libmain.a(nmi-vector.o)
 .bss           0x000000003ffe8f30       0x41 /opt/esp-open-sdk/sdk/lib/libmain.a(app_main.o)
                0x000000003ffe8f34                info
                0x000000003ffe8f58                lwip_timer_interval
                0x000000003ffe8f5c                check_timeouts_timer
                0x000000003ffe8f70                user_init_flag
 *fill*         0x000000003ffe8f71        0xf 
 .bss           0x000000003ffe8f80       0x30 /opt/esp-open-sdk/sdk/lib/libmain.a(ets_timer.o)
                0x000000003ffe8f80                dbg_timer_flag
                0x000000003ffe8f84                timer_list
                0x000000003ffe8f88                debug_timer
                0x000000003ffe8f8c                debug_timerfn
 .bss           0x000000003ffe8fb0       0x3c /opt/esp-open-sdk/sdk/lib/libmain.a(mem_manager.o)
 .bss           0x000000003ffe8fec        0x4 /opt/esp-open-sdk/sdk/lib/libmain.a(spi_flash.o)
                0x000000003ffe8fec                flash_read
 .bss           0x000000003ffe8ff0      0x242 /opt/esp-open-sdk/sdk/lib/libmain.a(user_interface.o)
                0x000000003ffe90e7                deep_sleep_flag
                0x000000003ffe90e8                cpu_overclock
                0x000000003ffe90ec                event_cb
                0x000000003ffe90f0                status_led_output_level
                0x000000003ffe90f4                done_cb
                0x000000003ffe90f8                rst_if
                0x000000003ffe9114                default_interface
                0x000000003ffe9115                OpmodChgIsOnGoing
                0x000000003ffe9118                promiscuous_cb
                0x000000003ffe9130                event_TaskQueue
 *fill*         0x000000003ffe9232        0x2 
 .bss           0x000000003ffe9234        0xc /opt/esp-open-sdk/sdk/lib/libmain.a(eagle_lwip_if.o)
                0x000000003ffe9234                hostname
 .bss           0x000000003ffe9240        0x4 /opt/esp-open-sdk/sdk/lib/libphy.a(phy.o)
 .bss           0x000000003ffe9244        0x2 /opt/esp-open-sdk/sdk/lib/libphy.a(phy_chip_v6_ana.o)
                0x000000003ffe9244                tout_dis_txpwr_track
                0x000000003ffe9245                sleep_mode_flag
 *fill*         0x000000003ffe9246        0x2 
 .bss           0x000000003ffe9248      0x15b /opt/esp-open-sdk/sdk/lib/libphy.a(phy_chip_v6.o)
                0x000000003ffe9248                g_phyFuns
                0x000000003ffe924c                rxiq_compute_num
                0x000000003ffe9250                rx_table_renew_en
                0x000000003ffe9254                check_result
                0x000000003ffe9258                chip6_sleep_params
                0x000000003ffe92ec                chip6_phy_init_ctrl
                0x000000003ffe9360                phy_freq_offset
                0x000000003ffe9362                do_pwctrl_flag
                0x000000003ffe9363                txbk_dpdby_flag
                0x000000003ffe9365                sw_scan_mode
                0x000000003ffe9366                rxmax_ext_level
                0x000000003ffe9368                phy_rx_gain_dc_table
                0x000000003ffe937c                periodic_cal_dc_num
                0x000000003ffe9380                periodic_cal_flag
                0x000000003ffe9381                bbpll_cal_flag
                0x000000003ffe9382                phy_in_most_power
                0x000000003ffe9383                init_rf_no_cal
                0x000000003ffe9384                test_print_time
                0x000000003ffe9388                phy_rx_gain_dc_flag
                0x000000003ffe9389                phy_in_vdd33_offset
                0x000000003ffe938a                phy_set_most_tpw_disbg
                0x000000003ffe938b                phy_set_most_tpw_index
                0x000000003ffe938c                adc_rand_noise
                0x000000003ffe9390                dpd_bypass_original
                0x000000003ffe9392                phy_txpwr_diff_flash
                0x000000003ffe9398                noise_array
 *fill*         0x000000003ffe93a3        0x1 
 .bss           0x000000003ffe93a4        0x9 /opt/esp-open-sdk/sdk/lib/libphy.a(phy_chip_v6_cal.o)
                0x000000003ffe93a4                phy_tx_power_out
                0x000000003ffe93a6                phy_tx_pwr_error
                0x000000003ffe93a8                tx_pwctrl_track_num
                0x000000003ffe93a9                rxiq_cover_fail_num
                0x000000003ffe93aa                phy_meas_freq_offset
                0x000000003ffe93ac                tx_pwctrl_pk_num
 *fill*         0x000000003ffe93ad        0x3 
 .bss           0x000000003ffe93b0        0x7 /opt/esp-open-sdk/sdk/lib/libphy.a(phy_sleep.o)
                0x000000003ffe93b0                periodic_cal_sat
                0x000000003ffe93b2                lslp_mem_opt_8266
                0x000000003ffe93b4                software_slp_reject
                0x000000003ffe93b5                SDIO_slp_reject
                0x000000003ffe93b6                hardware_reject
 *fill*         0x000000003ffe93b7        0x9 
 .bss           0x000000003ffe93c0       0x40 /opt/esp-open-sdk/sdk/lib/libpp.a(if_hwctrl.o)
                0x000000003ffe93c0                interface_mask
                0x000000003ffe93e0                if_ctrl
 .bss           0x000000003ffe9400      0x150 /opt/esp-open-sdk/sdk/lib/libpp.a(lmac.o)
                0x000000003ffe9404                lmacConfMib
                0x000000003ffe9428                our_tx_eb
 .bss           0x000000003ffe9550      0x11a /opt/esp-open-sdk/sdk/lib/libpp.a(pm.o)
                0x000000003ffe9550                pmc
                0x000000003ffe9630                flash_tmp
 *fill*         0x000000003ffe966a        0x2 
 .bss           0x000000003ffe966c       0x34 /opt/esp-open-sdk/sdk/lib/libpp.a(pm_for_bcn_only_mode.o)
 .bss           0x000000003ffe96a0      0x322 /opt/esp-open-sdk/sdk/lib/libpp.a(pp.o)
                0x000000003ffe96b8                pend_flag_noise_check
                0x000000003ffe96c0                pend_flag_periodic_cal
                0x000000003ffe96d8                idle_timer_reopen_flag
                0x000000003ffe96da                dbg_stop_sw_wdt
                0x000000003ffe96db                dbg_stop_hw_wdt
                0x000000003ffe96dd                total_buffed_eb_num
                0x000000003ffe96e0                HighestFreqOffsetInOneChk
                0x000000003ffe96e2                LowestFreqOffsetInOneChk
                0x000000003ffe96e4                DefFreqCalTimer
                0x000000003ffe96f8                PktNumInOneChk
                0x000000003ffe9880                buffed_eb_arr
 *fill*         0x000000003ffe99c2        0xe 
 .bss           0x000000003ffe99d0      0x100 /opt/esp-open-sdk/sdk/lib/libpp.a(rate_control.o)
 .bss           0x000000003ffe9ad0      0x46c /opt/esp-open-sdk/sdk/lib/libpp.a(trc.o)
 *fill*         0x000000003ffe9f3c        0x4 
 .bss           0x000000003ffe9f40     0x2f88 /opt/esp-open-sdk/sdk/lib/libpp.a(wdev.o)
                0x000000003ffe9f40                wDevCtrl
                0x000000003ffea0e8                WdevTimOffSet
 *fill*         0x000000003ffecec8        0x8 
 .bss           0x000000003ffeced0      0xaa4 /opt/esp-open-sdk/sdk/lib/libpp.a(esf_buf.o)
 .bss           0x000000003ffed974      0x67c /opt/esp-open-sdk/sdk/lib/libnet80211.a(ieee80211.o)
                0x000000003ffed974                g_ic
 .bss           0x000000003ffedff0       0x56 /opt/esp-open-sdk/sdk/lib/libnet80211.a(ieee80211_hostap.o)
                0x000000003ffedff0                BcnEb_update
                0x000000003ffedffd                BcnWithMcastSendStart
                0x000000003ffedffe                BcnWithMcastSendCnt
                0x000000003ffee018                PendFreeBcnEb
                0x000000003ffee01c                ApFreqCalTimer
                0x000000003ffee030                APRecvBcnStartTick
 *fill*         0x000000003ffee046        0x2 
 .bss           0x000000003ffee048       0xc8 /opt/esp-open-sdk/sdk/lib/libnet80211.a(ieee80211_scan.o)
                0x000000003ffee048                gScanStruct
                0x000000003ffee0f4                connect_scan_flag
                0x000000003ffee0f5                FreqCalCntForScan
                0x000000003ffee0f6                TestStaFreqCalValInput
                0x000000003ffee0f8                auth_type
                0x000000003ffee0fa                scannum
 .bss           0x000000003ffee110       0x10 /opt/esp-open-sdk/sdk/lib/libnet80211.a(ieee80211_sta.o)
 .bss           0x000000003ffee120       0x3c /opt/esp-open-sdk/sdk/lib/libnet80211.a(wl_chm.o)
 *fill*         0x000000003ffee15c        0x4 
 .bss           0x000000003ffee160      0x37e /opt/esp-open-sdk/sdk/lib/libnet80211.a(wl_cnx.o)
                0x000000003ffee4c0                sta_con_timer
                0x000000003ffee4d4                backup_ni_connect_status
                0x000000003ffee4d8                g_cnx_probe_rc_list_cb
                0x000000003ffee4dc                reconnect_flag
                0x000000003ffee4dd                no_ap_found_index
 *fill*         0x000000003ffee4de        0x2 
 .bss           0x000000003ffee4e0       0x10 /opt/esp-open-sdk/sdk/lib/libnet80211.a(ieee80211_action_vendor.o)
 .bss           0x000000003ffee4f0      0x478 /opt/Sming/Sming/compiler/lib//liblwip_open.a(dns.o)
 .bss           0x000000003ffee968        0x1 /opt/Sming/Sming/compiler/lib//liblwip_open.a(netif.o)
 .bss           0x000000003ffee969        0x1 /opt/Sming/Sming/compiler/lib//liblwip_open.a(tcp.o)
 *fill*         0x000000003ffee96a        0x2 
 .bss           0x000000003ffee96c        0xc /opt/Sming/Sming/compiler/lib//liblwip_open.a(timers.o)
 .bss           0x000000003ffee978        0xc /opt/Sming/Sming/compiler/lib//liblwip_open.a(igmp.o)
 .bss           0x000000003ffee984       0x10 /opt/Sming/Sming/compiler/lib//liblwip_open.a(ip_addr.o)
 .bss           0x000000003ffee994        0x2 /opt/Sming/Sming/compiler/lib//liblwip_open.a(ip.o)
 *fill*         0x000000003ffee996        0x2 
 .bss           0x000000003ffee998       0xc4 /opt/Sming/Sming/compiler/lib//liblwip_open.a(etharp.o)
 .bss           0x000000003ffeea5c       0x28 /opt/Sming/Sming/compiler/lib//liblwip_open.a(dhcpserver.o)
 .bss           0x000000003ffeea84        0x4 /opt/Sming/Sming/compiler/lib//liblwip_open.a(raw.o)
 .bss           0x000000003ffeea88       0x30 /opt/Sming/Sming/compiler/lib//liblwip_open.a(tcp_in.o)
 *fill*         0x000000003ffeeab8        0x8 
 .bss           0x000000003ffeeac0      0x26a /opt/esp-open-sdk/sdk/lib/libwpa.a(wpa.o)
 *fill*         0x000000003ffeed2a        0x6 
 .bss           0x000000003ffeed30        0x8 /opt/esp-open-sdk/sdk/lib/libnet80211.a(ieee80211_crypto_tkip.o)
 *(.bss.*)
 .bss._ZL5ESP01
                0x000000003ffeed38       0x30 /opt/Sming/Sming/compiler/lib//libsming.a(user_main.o)
 .bss._ZL11INADDR_NONE
                0x000000003ffeed68        0x8 /opt/Sming/Sming/compiler/lib//libsming.a(user_main.o)
 .bss.System    0x000000003ffeed70       0x2c /opt/Sming/Sming/compiler/lib//libsming.a(System.o)
                0x000000003ffeed70                System
 .bss.cbc_printchar_uart
                0x000000003ffeed9c        0x4 /opt/Sming/Sming/compiler/lib//libsming.a(m_printf.o)
                0x000000003ffeed9c                cbc_printchar_uart
 .bss._ZL5ESP01
                0x000000003ffeeda0       0x30 /opt/Sming/Sming/compiler/lib//libsming.a(IPAddress.o)
 .bss._ZL11INADDR_NONE
                0x000000003ffeedd0        0x8 /opt/Sming/Sming/compiler/lib//libsming.a(IPAddress.o)
 .bss._ZL11INADDR_NONE
                0x000000003ffeedd8        0x8 /opt/Sming/Sming/compiler/lib//libsming.a(Print.o)
 .bss._ZZN6StringixEjE19dummy_writable_char
                0x000000003ffeede0        0x1 /opt/Sming/Sming/compiler/lib//libsming.a(WString.o)
 *fill*         0x000000003ffeede1        0x3 
 .bss._ZL11INADDR_NONE
                0x000000003ffeede4        0x8 /opt/Sming/Sming/compiler/lib//libsming.a(WString.o)
 .bss.channel   0x000000003ffeedec        0x1 out/build/app_app.a(application.o)
                0x000000003ffeedec                channel
 *fill*         0x000000003ffeeded        0x3 
 .bss.adc       0x000000003ffeedf0       0x24 out/build/app_app.a(application.o)
                0x000000003ffeedf0                adc
 *fill*         0x000000003ffeee14        0x4 
 .bss.procTimer
                0x000000003ffeee18       0x30 out/build/app_app.a(application.o)
                0x000000003ffeee18                procTimer
 .bss._ZL5ESP01
                0x000000003ffeee48       0x30 out/build/app_app.a(application.o)
 .bss._ZL11INADDR_NONE
                0x000000003ffeee78        0x8 out/build/app_app.a(application.o)
 .bss._ZL5ESP01
                0x000000003ffeee80       0x30 out/build/app_app.a(ads101x.o)
 .bss._ZL11INADDR_NONE
                0x000000003ffeeeb0        0x8 out/build/app_app.a(ads101x.o)
 .bss._ZL11INADDR_NONE
                0x000000003ffeeeb8        0x8 /opt/Sming/Sming/compiler/lib//libsming.a(Digital.o)
 .bss.Wire      0x000000003ffeeec0       0x10 /opt/Sming/Sming/compiler/lib//libsming.a(Wire.o)
                0x000000003ffeeec0                Wire
 .bss._ZL15default_scl_pin
                0x000000003ffeeed0        0x4 /opt/Sming/Sming/compiler/lib//libsming.a(Wire.o)
 .bss._ZN7TwoWire12transmittingE
                0x000000003ffeeed4        0x1 /opt/Sming/Sming/compiler/lib//libsming.a(Wire.o)
                0x000000003ffeeed4                _ZN7TwoWire12transmittingE
 .bss._ZN7TwoWire14txBufferLengthE
                0x000000003ffeeed5        0x1 /opt/Sming/Sming/compiler/lib//libsming.a(Wire.o)
                0x000000003ffeeed5                _ZN7TwoWire14txBufferLengthE
 .bss._ZN7TwoWire13txBufferIndexE
                0x000000003ffeeed6        0x1 /opt/Sming/Sming/compiler/lib//libsming.a(Wire.o)
                0x000000003ffeeed6                _ZN7TwoWire13txBufferIndexE
 .bss._ZN7TwoWire8txBufferE
                0x000000003ffeeed7       0x20 /opt/Sming/Sming/compiler/lib//libsming.a(Wire.o)
                0x000000003ffeeed7                _ZN7TwoWire8txBufferE
 .bss._ZN7TwoWire9txAddressE
                0x000000003ffeeef7        0x1 /opt/Sming/Sming/compiler/lib//libsming.a(Wire.o)
                0x000000003ffeeef7                _ZN7TwoWire9txAddressE
 .bss._ZN7TwoWire14rxBufferLengthE
                0x000000003ffeeef8        0x1 /opt/Sming/Sming/compiler/lib//libsming.a(Wire.o)
                0x000000003ffeeef8                _ZN7TwoWire14rxBufferLengthE
 .bss._ZN7TwoWire13rxBufferIndexE
                0x000000003ffeeef9        0x1 /opt/Sming/Sming/compiler/lib//libsming.a(Wire.o)
                0x000000003ffeeef9                _ZN7TwoWire13rxBufferIndexE
 .bss._ZN7TwoWire8rxBufferE
                0x000000003ffeeefa       0x20 /opt/Sming/Sming/compiler/lib//libsming.a(Wire.o)
                0x000000003ffeeefa                _ZN7TwoWire8rxBufferE
 *fill*         0x000000003ffeef1a        0x2 
 .bss.Serial    0x000000003ffeef1c       0x1c /opt/Sming/Sming/compiler/lib//libsming.a(HardwareSerial.o)
                0x000000003ffeef1c                Serial
 .bss._ZN14HardwareSerial4initE
                0x000000003ffeef38        0x1 /opt/Sming/Sming/compiler/lib//libsming.a(HardwareSerial.o)
                0x000000003ffeef38                _ZN14HardwareSerial4initE
 *fill*         0x000000003ffeef39        0x3 
 .bss._ZN14HardwareSerial10memberDataE
                0x000000003ffeef3c       0x10 /opt/Sming/Sming/compiler/lib//libsming.a(HardwareSerial.o)
                0x000000003ffeef3c                _ZN14HardwareSerial10memberDataE
 .bss._ZL11INADDR_NONE
                0x000000003ffeef4c        0x8 /opt/Sming/Sming/compiler/lib//libsming.a(HardwareSerial.o)
 .bss.WDT       0x000000003ffeef54        0x8 /opt/Sming/Sming/compiler/lib//libsming.a(WDT.o)
                0x000000003ffeef54                WDT
 .bss._ZL11INADDR_NONE
                0x000000003ffeef5c        0x8 /opt/Sming/Sming/compiler/lib//libsming.a(CommandExecutor.o)
 .bss._ZL15s_uart_debug_nr
                0x000000003ffeef64        0x4 /opt/Sming/Sming/compiler/lib//libsming.a(uart.o)
 .bss._ZL5ESP01
                0x000000003ffeef68       0x30 /opt/Sming/Sming/compiler/lib//libsming.a(uart.o)
 .bss._ZL11INADDR_NONE
                0x000000003ffeef98        0x8 /opt/Sming/Sming/compiler/lib//libsming.a(uart.o)
 .bss._ZL21twi_clockStretchLimit
                0x000000003ffeefa0        0x4 /opt/Sming/Sming/compiler/lib//libsming.a(core_esp8266_si2c.o)
 .bss._ZL7twi_scl
                0x000000003ffeefa4        0x1 /opt/Sming/Sming/compiler/lib//libsming.a(core_esp8266_si2c.o)
 .bss._ZL7twi_sda
                0x000000003ffeefa5        0x1 /opt/Sming/Sming/compiler/lib//libsming.a(core_esp8266_si2c.o)
 *fill*         0x000000003ffeefa6        0x2 
 .bss._ZL11INADDR_NONE
                0x000000003ffeefa8        0x8 /opt/Sming/Sming/compiler/lib//libsming.a(Clock.o)
 .bss._ZN19WebSocketConnection13websocketListE
                0x000000003ffeefb0       0x14 /opt/Sming/Sming/compiler/lib//libsming.a(WebSocketConnection.o)
                0x000000003ffeefb0                _ZN19WebSocketConnection13websocketListE
 .bss._ZL11INADDR_NONE
                0x000000003ffeefc4        0x8 /opt/Sming/Sming/compiler/lib//libsming.a(WebSocketConnection.o)
 .bss.commandHandler
                0x000000003ffeefcc       0x1c /opt/Sming/Sming/compiler/lib//libsming.a(CommandHandler.o)
                0x000000003ffeefcc                commandHandler
 .bss._ZL11INADDR_NONE
                0x000000003ffeefe8        0x8 /opt/Sming/Sming/compiler/lib//libsming.a(CommandHandler.o)
 .bss._ZL11INADDR_NONE
                0x000000003ffeeff0        0x8 /opt/Sming/Sming/compiler/lib//libsming.a(CommandOutput.o)
 .bss._ZL11INADDR_NONE
                0x000000003ffeeff8        0x8 /opt/Sming/Sming/compiler/lib//libsming.a(CommandDelegate.o)
 .bss.SystemClock
                0x000000003ffef000       0x18 /opt/Sming/Sming/compiler/lib//libsming.a(SystemClock.o)
                0x000000003ffef000                SystemClock
 .bss._ZL11INADDR_NONE
                0x000000003ffef018        0x8 /opt/Sming/Sming/compiler/lib//libsming.a(SystemClock.o)
 .bss._ZL11INADDR_NONE
                0x000000003ffef020        0x8 /opt/Sming/Sming/compiler/lib//libsming.a(TcpConnection.o)
 .bss._ZL11INADDR_NONE
                0x000000003ffef028        0x8 /opt/Sming/Sming/compiler/lib//libsming.a(TcpClient.o)
 .bss._ZL11INADDR_NONE
                0x000000003ffef030        0x8 /opt/Sming/Sming/compiler/lib//libsming.a(HttpResponse.o)
 .bss._ZL11INADDR_NONE
                0x000000003ffef038        0x8 /opt/Sming/Sming/compiler/lib//libsming.a(HttpRequest.o)
 .bss.RTC       0x000000003ffef040        0x1 /opt/Sming/Sming/compiler/lib//libsming.a(RTC.o)
                0x000000003ffef040                RTC
 *fill*         0x000000003ffef041        0x3 
 .bss._ZL5ESP01
                0x000000003ffef044       0x30 /opt/Sming/Sming/compiler/lib//libsming.a(DateTime.o)
 .bss._ZL11INADDR_NONE
                0x000000003ffef074        0x8 /opt/Sming/Sming/compiler/lib//libsming.a(DateTime.o)
 .bss._ZN11ArduinoJson10JsonObject8_invalidE
                0x000000003ffef07c        0x8 /opt/Sming/Sming/compiler/lib//libsming.a(ArduinoJson.o)
                0x000000003ffef07c                _ZN11ArduinoJson10JsonObject8_invalidE
 .bss._ZN11ArduinoJson9JsonArray8_invalidE
                0x000000003ffef084        0x8 /opt/Sming/Sming/compiler/lib//libsming.a(ArduinoJson.o)
                0x000000003ffef084                _ZN11ArduinoJson9JsonArray8_invalidE
 *(.gnu.linkonce.b.*)
 *(COMMON)
 COMMON         0x000000003ffef08c       0x64 /opt/Sming/Sming/compiler/lib//libsming.a(gdbstub.o)
                0x000000003ffef08c                gdbstub_savedRegs
 COMMON         0x000000003ffef0f0       0x34 /opt/Sming/Sming/compiler/lib//liblwip_open.a(dhcp.o)
                0x000000003ffef0f0                dhcp_rx_options_given
                0x000000003ffef0fc                dhcp_rx_options_val
 COMMON         0x000000003ffef124        0x8 /opt/Sming/Sming/compiler/lib//liblwip_open.a(netif.o)
                0x000000003ffef124                netif_list
                0x000000003ffef128                netif_default
 COMMON         0x000000003ffef12c       0x18 /opt/Sming/Sming/compiler/lib//liblwip_open.a(tcp.o)
                0x000000003ffef12c                tcp_active_pcbs
                0x000000003ffef130                tcp_ticks
                0x000000003ffef134                tcp_listen_pcbs
                0x000000003ffef138                tcp_tmp_pcb
                0x000000003ffef13c                tcp_bound_pcbs
                0x000000003ffef140                tcp_tw_pcbs
 COMMON         0x000000003ffef144        0x4 /opt/Sming/Sming/compiler/lib//liblwip_open.a(udp.o)
                0x000000003ffef144                udp_pcbs
 COMMON         0x000000003ffef148       0x10 /opt/Sming/Sming/compiler/lib//liblwip_open.a(ip.o)
                0x000000003ffef148                current_iphdr_src
                0x000000003ffef14c                current_netif
                0x000000003ffef150                current_iphdr_dest
                0x000000003ffef154                current_header
 COMMON         0x000000003ffef158        0x4 /opt/Sming/Sming/compiler/lib//liblwip_open.a(tcp_in.o)
                0x000000003ffef158                tcp_input_pcb
                0x000000003ffef160                . = ALIGN (0x8)
 *fill*         0x000000003ffef15c        0x4 
                0x000000003ffef160                _bss_end = ABSOLUTE (.)
                0x000000003ffef160                _heap_start = ABSOLUTE (.)

.irom0.text     0x000000004020a000    0x2f64c
                0x000000004020a000                _irom0_text_start = ABSOLUTE (.)
 *(.irom0.literal .irom.literal .irom.text.literal .irom0.text .irom.text .irom.debug.*)
 .irom0.text    0x000000004020a000      0xa79 /opt/esp-open-sdk/sdk/lib/libmain.a(app_main.o)
                                        0xc9d (size before relaxing)
                0x000000004020a1e8                wdt_init
                0x000000004020a290                user_uart_wait_tx_fifo_empty
                0x000000004020a544                user_rf_pre_init
 *fill*         0x000000004020aa79        0x3 
 .irom0.text    0x000000004020aa7c      0x186 /opt/esp-open-sdk/sdk/lib/libmain.a(ets_timer.o)
                                        0x1b2 (size before relaxing)
                0x000000004020aa84                ets_timer_done
                0x000000004020aad0                ets_timer_handler_isr
                0x000000004020aba0                ets_timer_init
 *fill*         0x000000004020ac02        0x2 
 .irom0.text    0x000000004020ac04       0xec /opt/esp-open-sdk/sdk/lib/libmain.a(mem_manager.o)
                                         0xf8 (size before relaxing)
                0x000000004020ac04                check_memleak_debug_enable
                0x000000004020ac70                xPortGetFreeHeapSize
                0x000000004020ac78                vPortInitialiseBlocks
 .irom0.text    0x000000004020acf0     0x3549 /opt/esp-open-sdk/sdk/lib/libmain.a(user_interface.o)
                                       0x3f9d (size before relaxing)
                0x000000004020acf4                system_set_os_print
                0x000000004020ad04                system_get_os_print
                0x000000004020aecc                system_pp_recycle_rx_pkt
                0x000000004020aee8                system_adc_read
                0x000000004020af28                system_adc_read_fast
                0x000000004020af88                system_get_vdd33
                0x000000004020afb4                system_restart_hook
                0x000000004020afcc                system_restart_local
                0x000000004020b0ac                system_restart
                0x000000004020b108                system_restore
                0x000000004020b170                system_get_flash_size_map
                0x000000004020b190                system_get_boot_version
                0x000000004020b1c8                system_get_test_result
                0x000000004020b1f0                system_get_userbin_addr
                0x000000004020b288                system_get_boot_mode
                0x000000004020b2b8                system_restart_enhance
                0x000000004020b3e8                system_upgrade_userbin_set
                0x000000004020b434                system_upgrade_userbin_check
                0x000000004020b474                system_upgrade_flag_set
                0x000000004020b488                system_upgrade_flag_check
                0x000000004020b4b0                system_upgrade_reboot
                0x000000004020b5e4                system_deep_sleep_instant
                0x000000004020b77c                system_deep_sleep
                0x000000004020b7dc                system_deep_sleep_set_option
                0x000000004020b7f8                system_phy_temperature_alert
                0x000000004020b80c                system_phy_set_max_tpw
                0x000000004020b820                system_phy_set_tpw_via_vdd33
                0x000000004020b834                system_phy_set_rfoption
                0x000000004020b848                system_phy_set_powerup_option
                0x000000004020b860                system_update_cpu_freq
                0x000000004020b8bc                system_get_cpu_freq
                0x000000004020b8d4                system_overclock
                0x000000004020b900                system_restoreclock
                0x000000004020b930                system_timer_reinit
                0x000000004020b948                system_relative_time
                0x000000004020b96c                system_station_got_ip_set
                0x000000004020ba98                system_print_meminfo
                0x000000004020baf8                system_get_free_heap_size
                0x000000004020bb10                system_get_chip_id
                0x000000004020bb34                system_rtc_clock_cali_proc
                0x000000004020bb48                system_get_rtc_time
                0x000000004020bb5c                system_mktime
                0x000000004020bc2c                system_init_done_cb
                0x000000004020bc34                system_get_rst_info
                0x000000004020bc3c                system_get_data_of_array_8
                0x000000004020bc60                system_get_data_of_array_16
                0x000000004020bc88                system_get_string_from_flash
                0x000000004020bcf4                wifi_softap_dhcps_start
                0x000000004020bd3c                wifi_softap_dhcps_stop
                0x000000004020bd7c                wifi_softap_dhcps_status
                0x000000004020bd84                wifi_station_dhcpc_start
                0x000000004020bddc                wifi_station_dhcpc_stop
                0x000000004020be1c                wifi_station_dhcpc_event
                0x000000004020be90                wifi_station_dhcpc_set_maxtry
                0x000000004020bea0                wifi_station_dhcpc_status
                0x000000004020bf18                wifi_get_opmode
                0x000000004020bf2c                wifi_get_opmode_default
                0x000000004020bfa8                wifi_get_broadcast_if
                0x000000004020bfe4                wifi_set_broadcast_if
                0x000000004020c160                wifi_set_opmode
                0x000000004020c174                wifi_set_opmode_current
                0x000000004020c188                system_get_checksum
                0x000000004020c1d0                wifi_param_save_protect_with_check
                0x000000004020c28c                system_param_save_with_protect
                0x000000004020c334                system_save_sys_param
                0x000000004020c360                system_param_load
                0x000000004020c498                wifi_station_get_config
                0x000000004020c4ac                wifi_station_get_config_default
                0x000000004020c4cc                wifi_station_get_ap_info
                0x000000004020c584                wifi_station_ap_number_set
                0x000000004020c918                wifi_station_set_config
                0x000000004020c930                wifi_station_set_config_current
                0x000000004020c948                wifi_station_restore_config
                0x000000004020c960                wifi_station_get_current_ap_id
                0x000000004020c974                wifi_station_ap_check
                0x000000004020c9bc                wifi_station_ap_change
                0x000000004020cae8                wifi_station_scan
                0x000000004020cb34                wifi_station_get_auto_connect
                0x000000004020cb48                wifi_station_set_auto_connect
                0x000000004020cb98                wifi_station_save_pmk2cache
                0x000000004020cc4c                wifi_station_connect
                0x000000004020cce0                wifi_station_disconnect
                0x000000004020cda0                wifi_station_get_connect_status
                0x000000004020cdd0                wifi_station_set_reconnect_policy
                0x000000004020cde8                wifi_station_get_reconnect_policy
                0x000000004020cdf0                wifi_station_get_rssi
                0x000000004020ce40                wifi_station_set_default_hostname
                0x000000004020cea8                wifi_station_get_hostname
                0x000000004020ced8                wifi_station_set_hostname
                0x000000004020cf78                wifi_softap_cacl_mac
                0x000000004020cfe8                wifi_softap_set_default_ssid
                0x000000004020d1c8                wifi_softap_get_config
                0x000000004020d1dc                wifi_softap_get_config_default
                0x000000004020d530                wifi_softap_set_config
                0x000000004020d544                wifi_softap_set_config_current
                0x000000004020d558                wifi_softap_set_station_info
                0x000000004020d5c4                wifi_softap_get_station_info
                0x000000004020d674                wifi_softap_free_station_info
                0x000000004020d6bc                wifi_softap_get_station_num
                0x000000004020d710                wifi_softap_deauth
                0x000000004020d7c0                wifi_softap_get_beacon_only_mode
                0x000000004020d7d4                wifi_softap_set_beacon_only_mode
                0x000000004020d838                wifi_register_user_ie_manufacturer_recv_cb
                0x000000004020d84c                wifi_unregister_user_ie_manufacturer_recv_cb
                0x000000004020d880                wifi_set_user_ie
                0x000000004020d990                wifi_get_user_ie
                0x000000004020d9c4                wifi_get_phy_mode
                0x000000004020d9cc                wifi_set_phy_mode
                0x000000004020da94                wifi_set_sleep_type
                0x000000004020dab0                wifi_get_sleep_type
                0x000000004020dac8                wifi_get_channel
                0x000000004020dae0                wifi_set_channel
                0x000000004020db24                wifi_promiscuous_set_mac
                0x000000004020db84                wifi_promiscuous_enable
                0x000000004020dc68                wifi_set_promiscuous_rx_cb
                0x000000004020dc78                wifi_get_ip_info
                0x000000004020dcf8                wifi_set_ip_info
                0x000000004020dd6c                wifi_get_macaddr
                0x000000004020ddcc                wifi_set_macaddr
                0x000000004020dee8                wifi_enable_6m_rate
                0x000000004020def0                wifi_get_user_fixed_rate
                0x000000004020df10                wifi_set_user_fixed_rate
                0x000000004020df30                wifi_set_user_sup_rate
                0x000000004020df6c                wifi_set_user_rate_limit
                0x000000004020df90                wifi_get_user_limit_rate_mask
                0x000000004020df98                wifi_set_user_limit_rate_mask
                0x000000004020dfb0                wifi_register_send_pkt_freedom_cb
                0x000000004020dfc4                wifi_unregister_send_pkt_freedom_cb
                0x000000004020dfd0                wifi_send_pkt_freedom
                0x000000004020e01c                wifi_rfid_locp_recv_open
                0x000000004020e030                wifi_rfid_locp_recv_close
                0x000000004020e044                wifi_register_rfid_locp_recv_cb
                0x000000004020e058                wifi_unregister_rfid_locp_recv_cb
                0x000000004020e070                wifi_status_led_install
                0x000000004020e0a4                wifi_status_led_uninstall
                0x000000004020e0c8                wifi_set_status_led_output_level
                0x000000004020e11c                wifi_set_event_handler_cb
                0x000000004020e164                system_os_task
                0x000000004020e1a0                system_uart_swap
                0x000000004020e200                system_uart_de_swap
                0x000000004020e234                system_get_sdk_version
 *fill*         0x000000004020e239        0x3 
 .irom0.text    0x000000004020e23c      0x610 /opt/esp-open-sdk/sdk/lib/libmain.a(eagle_lib.o)
                                        0x620 (size before relaxing)
                0x000000004020e240                divide
                0x000000004020e27c                skip_atoi
                0x000000004020e3fc                ets_vsnprintf
                0x000000004020e75c                ets_vsprintf
                0x000000004020e780                ets_sprintf
                0x000000004020e7a8                ets_strcat
                0x000000004020e7c8                ets_strrchr
                0x000000004020e7f4                ets_strchr
                0x000000004020e80c                bit_popcount
                0x000000004020e828                ets_snprintf
 .irom0.text    0x000000004020e84c      0x31e /opt/esp-open-sdk/sdk/lib/libmain.a(eagle_lwip_if.o)
                                        0x3e6 (size before relaxing)
                0x000000004020e904                eagle_lwip_if_alloc
                0x000000004020eac4                eagle_lwip_if_free
                0x000000004020eb48                eagle_lwip_getif
 *fill*         0x000000004020eb6a        0x2 
 .irom0.literal
                0x000000004020eb6c        0x0 /opt/Sming/Sming/compiler/lib//libmicroc.a(strchr.o)
                                          0x4 (size before relaxing)
 .irom0.literal
                0x000000004020eb6c        0xc /opt/Sming/Sming/compiler/lib//libmicroc.a(strchrnul.o)
 .irom0.literal
                0x000000004020eb78        0x4 /opt/Sming/Sming/compiler/lib//libmicroc.a(malloc.o)
                                         0x14 (size before relaxing)
 .irom0.literal
                0x000000004020eb7c        0x4 /opt/Sming/Sming/compiler/lib//libmicroc.a(abort.o)
                                          0x8 (size before relaxing)
 .irom0.literal
                0x000000004020eb80        0x8 /opt/Sming/Sming/compiler/lib//libmicrogcc.a(_divsf3.o)
                                         0x10 (size before relaxing)
 .irom0.text    0x000000004020eb88       0x25 /opt/Sming/Sming/compiler/lib//libmicroc.a(strchr.o)
                                         0x29 (size before relaxing)
                0x000000004020eb88                strchr
 *fill*         0x000000004020ebad        0x3 
 .irom0.text    0x000000004020ebb0       0x75 /opt/Sming/Sming/compiler/lib//libmicroc.a(strchrnul.o)
                0x000000004020ebb0                __strchrnul
                0x000000004020ebb0                strchrnul
 *fill*         0x000000004020ec25        0x3 
 .irom0.text    0x000000004020ec28       0x65 /opt/Sming/Sming/compiler/lib//libmicroc.a(malloc.o)
                0x000000004020ec28                malloc
                0x000000004020ec3c                free
                0x000000004020ec50                realloc
                0x000000004020ec64                zalloc
                0x000000004020ec78                calloc
 *fill*         0x000000004020ec8d        0x3 
 .irom0.text    0x000000004020ec90       0x11 /opt/Sming/Sming/compiler/lib//libmicroc.a(abort.o)
                0x000000004020ec90                abort
 *fill*         0x000000004020eca1        0x3 
 .irom0.text    0x000000004020eca4       0xfa /opt/esp-open-sdk/sdk/lib/libphy.a(phy.o)
                                        0x11e (size before relaxing)
                0x000000004020eca8                rf_init
                0x000000004020ecc4                bb_init
                0x000000004020ecdc                phy_init
                0x000000004020ed0c                RFChannelSel
                0x000000004020ed28                phy_delete_channel
                0x000000004020ed40                phy_enable_agc
                0x000000004020ed58                phy_disable_agc
                0x000000004020ed70                phy_initialize_bb
                0x000000004020ed88                phy_set_sense
 *fill*         0x000000004020ed9e        0x2 
 .irom0.text    0x000000004020eda0     0x176f /opt/esp-open-sdk/sdk/lib/libphy.a(phy_chip_v6_ana.o)
                                       0x1973 (size before relaxing)
                0x000000004020eda4                ram_pbus_set_rxgain
                0x000000004020ee7c                ram_pbus_debugmode
                0x000000004020ef30                ram_pbus_xpd_tx_on
                0x000000004020ef9c                set_rf_freq_offset
                0x000000004020f00c                chip_v6_rxmax_ext_ana
                0x000000004020f160                ram_chip_v6_rx_init
                0x000000004020f194                tsen_meas
                0x000000004020f244                readvdd33
                0x000000004020f410                txpwr_offset
                0x000000004020f4cc                set_txcap_reg
                0x000000004020f54c                ram_ana_inf_gating_en
                0x000000004020f6ac                ram_restart_cal
                0x000000004020f718                wait_rfpll_cal_end
                0x000000004020f7ac                ram_rfpll_set_freq
                0x000000004020f8b4                ram_set_channel_freq
                0x000000004020fbb0                chip_60_set_channel
                0x000000004020fd50                chip_v6_set_chan_offset
                0x000000004020fdb0                chip_v6_set_chan
                0x000000004020fe58                chip_v6_set_chan_wakeup
                0x000000004020fedc                chip_v6_rf_init
                0x0000000040210140                low_power_set
                0x0000000040210190                test_tout
                0x0000000040210308                check_data_flag
                0x0000000040210328                phy_get_check_flag
                0x000000004021045c                phy_get_vdd33
 *fill*         0x000000004021050f        0x1 
 .irom0.text    0x0000000040210510     0x3e98 /opt/esp-open-sdk/sdk/lib/libphy.a(phy_chip_v6.o)
                                       0x453c (size before relaxing)
                0x0000000040210510                ram_tx_mac_enable
                0x0000000040210514                ram_tx_mac_disable
                0x0000000040210518                rtc_mem_backup
                0x0000000040210548                rtc_mem_recovery
                0x0000000040210578                set_cal_rxdc
                0x000000004021062c                set_rx_gain_cal_iq
                0x0000000040210988                gen_rx_gain_table
                0x0000000040210ae0                pbus_set_rxbbgain
                0x0000000040210b60                set_rx_gain_testchip_50
                0x0000000040210e94                ram_get_corr_power
                0x0000000040210f84                check_data_func
                0x0000000040210fa4                do_noisefloor_lsleep_v50
                0x0000000040210fd8                do_noisefloor
                0x0000000040211048                start_dig_rx
                0x000000004021108c                stop_dig_rx
                0x00000000402110b8                chip_v6_set_chanfreq
                0x00000000402110e8                tx_cap_init
                0x00000000402112d4                target_power_add_backoff
                0x0000000040211304                tx_pwctrl_init_cal
                0x000000004021147c                tx_atten_set_interp
                0x00000000402116dc                check_tx_pwr_cal
                0x0000000040211820                tx_pwctrl_init
                0x0000000040211944                ram_get_noisefloor
                0x0000000040211960                get_noisefloor_sat
                0x0000000040211990                ram_set_noise_floor
                0x00000000402119ec                ram_start_noisefloor
                0x0000000040211a38                read_hw_noisefloor
                0x0000000040211a64                noise_check_loop
                0x0000000040211bc0                noise_init
                0x0000000040211dc0                target_power_backoff
                0x0000000040211e14                sdt_on_noise_start
                0x0000000040211e94                chip_v6_set_chan_rx_cmp
                0x0000000040212020                chip_v6_set_chan_misc
                0x00000000402120b4                phy_dig_spur_set
                0x000000004021240c                phy_dig_spur_prot
                0x0000000040212644                chip_v6_rxmax_ext_dig
                0x0000000040212690                chip_v6_rxmax_ext
                0x000000004021273c                phy_bb_rx_cfg
                0x0000000040212b54                uart_wait_idle
                0x0000000040212b8c                phy_pbus_soc_cfg
                0x0000000040212c44                phy_gpio_cfg
                0x0000000040212e5c                tx_cont_en
                0x0000000040212f04                tx_cont_dis
                0x0000000040212f58                tx_cont_cfg
                0x0000000040212f78                chip_v6_initialize_bb
                0x00000000402130e4                periodic_cal
                0x00000000402131c4                bbpll_cal
                0x000000004021325c                periodic_cal_top
                0x00000000402132bc                register_chipv6_phy_init_param
                0x0000000040213564                change_bbpll160_sleep
                0x0000000040213714                change_bbpll160
                0x000000004021374c                set_crystal_uart
                0x00000000402137e0                ant_switch_init
                0x0000000040213890                reduce_current_init
                0x000000004021397c                rtc_mem_check
                0x00000000402139b8                phy_afterwake_set_rfoption
                0x00000000402139d8                deep_sleep_set_option
                0x0000000040213a04                write_data_to_rtc
                0x0000000040213a3c                get_data_from_rtc
                0x0000000040213abc                register_chipv6_phy
                0x0000000040213f58                set_dpd_bypass
                0x0000000040213f80                set_rf_gain_stage10
                0x0000000040213fb0                get_vdd33_offset
                0x0000000040214024                get_phy_target_power
                0x00000000402140d8                set_most_pwr_reg
                0x00000000402141ac                phy_set_most_tpw
                0x00000000402141cc                phy_vdd33_set_tpw
                0x00000000402141e4                get_adc_rand
                0x0000000040214218                phy_get_rand
                0x0000000040214230                phy_tx_pwctrl_cali
                0x0000000040214258                phy_check_data_table
                0x0000000040214294                phy_after_init_enrx
                0x00000000402142f8                phy_set_rx11b_reg
                0x000000004021432c                phy_set_powerup_option
                0x000000004021433c                phy_get_txpwr_param
                0x0000000040214388                phy_get_rxnf_param
                0x0000000040214394                phy_get_freq_param
 .irom0.text    0x00000000402143a8     0x2178 /opt/esp-open-sdk/sdk/lib/libphy.a(phy_chip_v6_cal.o)
                                       0x23a4 (size before relaxing)
                0x00000000402143a8                txbbgain2dcoindex
                0x00000000402143c8                dcoindex2txbbgain
                0x00000000402143ec                init_cal_dcoffset
                0x00000000402144b0                set_rfanagain_dc_reg
                0x000000004021454c                set_txdc_pbus
                0x00000000402145b8                get_rf_gain_qdb
                0x00000000402145e0                correct_rf_ana_gain
                0x00000000402146e8                get_sar_dout
                0x0000000040214774                cal_rf_ana_gain
                0x00000000402148a0                meas_tone_pwr_db
                0x0000000040214910                tx_pwr_backoff
                0x0000000040214a98                get_fcc_1m2m_pwr_offset
                0x0000000040214ad4                ram_set_txbb_atten
                0x0000000040214b68                txiq_get_mis_pwr
                0x0000000040214c10                txiq_cover
                0x0000000040214e2c                ram_rfcal_txiq
                0x000000004021509c                rc_cal
                0x000000004021525c                get_target_power_offset
                0x0000000040215364                get_pwctrl_correct
                0x00000000402153bc                tx_pwctrl_cal
                0x00000000402156b8                tx_pwctrl_bg_init
                0x0000000040215730                tx_pwctrl_background
                0x00000000402157e8                read_sar_dout
                0x000000004021584c                ram_get_fm_sar_dout
                0x00000000402158f0                ram_cal_tos_v60
                0x0000000040215ac0                ram_get_bb_atten
                0x0000000040215af0                ram_rfcal_txcap
                0x0000000040215cb4                ram_rfcal_pwrctrl
                0x0000000040215edc                ram_rxiq_get_mis
                0x00000000402160ac                ram_rxiq_cover_mg_mp
                0x0000000040216250                ram_rfcal_rxiq
                0x000000004021645c                dpd_scale_set
                0x00000000402164a4                dpd_mem_write
 .irom0.text    0x0000000040216520      0xd9a /opt/esp-open-sdk/sdk/lib/libphy.a(phy_sleep.o)
                                        0xfc6 (size before relaxing)
                0x0000000040216520                pm_usec2rtc
                0x0000000040216554                pm_rtc2usec
                0x0000000040216564                pm_set_sleep_cycles
                0x0000000040216588                pm_sleep_opt
                0x00000000402166cc                pm_wakeup_opt
                0x0000000040216704                get_chip_version
                0x0000000040216744                pm_sleep_opt_bb_off
                0x0000000040216784                pm_sleep_opt_bb_on
                0x00000000402167cc                pm_set_pll_xtal_wait_time
                0x00000000402167f8                pm_prepare_to_sleep
                0x0000000040216800                pm_sdio_nidle
                0x0000000040216874                chg_lslp_mem_opt_8266
                0x00000000402168a4                pm_goto_sleep
                0x00000000402169f0                pm_wait4wakeup
                0x0000000040216a2c                pm_open_rf
                0x0000000040216a70                pm_sleep_set_mac
                0x0000000040216af4                pm_set_wakeup_mac
                0x0000000040216b8c                pm_check_mac_idle
                0x0000000040216be4                pm_set_sleep_btco
                0x0000000040216c84                pm_set_wakeup_btco
                0x0000000040216d9c                pm_set_sleep_mode
                0x0000000040216eb8                pm_unmask_bt
                0x0000000040216f20                pm_wakeup_init
                0x0000000040217160                sleep_opt_8266
                0x0000000040217180                sleep_opt_bb_on_8266
                0x00000000402171b8                sleep_reset_analog_rtcreg_8266
 *fill*         0x00000000402172ba        0x2 
 .irom0.text    0x00000000402172bc      0x469 /opt/esp-open-sdk/sdk/lib/libpp.a(if_hwctrl.o)
                                        0x581 (size before relaxing)
                0x00000000402172dc                ic_get_addr
                0x00000000402172e8                ic_set_opmode
                0x00000000402172fc                ic_enable_interface
                0x000000004021734c                ic_interface_enabled
                0x0000000040217360                ic_disable_interface
                0x00000000402173a8                ic_is_pure_sta
                0x00000000402173c4                ic_get_ptk_alg
                0x00000000402173d4                ic_get_gtk_alg
                0x00000000402173e4                ic_set_ptk_alg
                0x00000000402173f4                ic_set_gtk_alg
                0x0000000040217404                ic_interface_is_p2p
                0x000000004021749c                ic_set_vif
                0x000000004021755c                ic_set_sta
                0x0000000040217634                ic_bss_info_update
                0x0000000040217690                ic_set_key
                0x00000000402176ec                ic_remove_key
                0x0000000040217700                ic_get_rssi
 *fill*         0x0000000040217725        0x3 
 .irom0.text    0x0000000040217728      0x100 /opt/esp-open-sdk/sdk/lib/libpp.a(lmac.o)
                                        0x118 (size before relaxing)
                0x000000004021772c                lmacInitAc
                0x0000000040217760                lmacInit
                0x000000004021780c                lmacSetRetryLimit
 .irom0.text    0x0000000040217828     0x19f9 /opt/esp-open-sdk/sdk/lib/libpp.a(pm.o)
                                       0x1f91 (size before relaxing)
                0x0000000040217830                pm_rtc_clock_cali_proc
                0x0000000040217868                pm_get_ck170_period
                0x000000004021788c                pm_set_sleep_time
                0x0000000040217c10                pm_rf_is_closed
                0x0000000040217c40                pm_set_sleep_type_from_upper
                0x0000000040217d30                pm_get_sleep_type
                0x0000000040217eec                uart_tx_flush
                0x0000000040217ef0                pm_suspend
                0x0000000040218110                pm_shutdown
                0x00000000402181d8                pm_reset_idle_sleep
                0x0000000040218218                pm_idle_sleep
                0x0000000040218224                pm_open
                0x0000000040218304                pm_onBcnRx
                0x000000004021869c                StopLightSleepSetFunc
                0x00000000402186a4                LightSleepWakedCbSetFunc
                0x0000000040218c60                pm_enable_gpio_wakeup
                0x0000000040218c98                pm_attach
                0x0000000040218d8c                pm_send_nullfunc
                0x0000000040218f30                pm_is_waked
                0x0000000040218f48                pm_is_open
                0x0000000040218f60                pm_scan_lock
                0x0000000040218f88                pm_try_scan_unlock
                0x0000000040218fa0                pm_force_scan_unlock
                0x0000000040219044                pm_scan_unlocked
                0x0000000040219058                pm_allow_tx
                0x0000000040219074                pm_assoc_parse
                0x000000004021908c                pm_set_addr
                0x00000000402190ac                pm_sleep_for
                0x00000000402190dc                pm_post
                0x00000000402191e0                pm_get_idle_wait_time
 *fill*         0x0000000040219221        0x3 
 .irom0.text    0x0000000040219224      0xb48 /opt/esp-open-sdk/sdk/lib/libpp.a(pm_for_bcn_only_mode.o)
                                        0xf0c (size before relaxing)
                0x0000000040219238                wifi_fpm_set_sleep_type
                0x0000000040219238                fpm_set_type_from_upper
                0x00000000402192f4                wifi_fpm_get_sleep_type
                0x00000000402192f4                fpm_get_slp_type
                0x00000000402192fc                fpm_rf_is_closed
                0x0000000040219310                fpm_is_open
                0x000000004021931c                fpm_allow_tx
                0x0000000040219340                wifi_fpm_close
                0x0000000040219340                fpm_close
                0x00000000402193bc                wifi_fpm_open
                0x00000000402193bc                fpm_open
                0x0000000040219424                fpm_attach
                0x0000000040219608                wifi_fpm_set_wakeup_cb
                0x0000000040219608                fpm_set_wakeup_cb
                0x000000004021974c                wifi_fpm_do_wakeup
                0x000000004021974c                fpm_do_wakeup
                0x0000000040219c84                fpm_do_sleep
                0x0000000040219c84                wifi_fpm_do_sleep
                0x0000000040219d24                fpm_auto_sleep_set_in_null_mode
                0x0000000040219d24                wifi_fpm_auto_sleep_set_in_null_mode
                0x0000000040219d64                get_fpm_auto_sleep_flag
 .irom0.text    0x0000000040219d6c     0x15ba /opt/esp-open-sdk/sdk/lib/libpp.a(pp.o)
                                       0x19a2 (size before relaxing)
                0x0000000040219d78                PPWdtReset
                0x0000000040219dac                pp_soft_wdt_init
                0x0000000040219dcc                system_soft_wdt_feed
                0x0000000040219dcc                pp_soft_wdt_feed
                0x0000000040219de8                pp_soft_wdt_stop
                0x0000000040219de8                system_soft_wdt_stop
                0x0000000040219e14                pp_soft_wdt_restart
                0x0000000040219e14                system_soft_wdt_restart
                0x0000000040219e4c                RxNodeNum
                0x0000000040219e64                TxNodeNum
                0x0000000040219e88                pp_disable_noise_timer
                0x0000000040219ea8                pp_enable_noise_timer
                0x0000000040219fb8                pp_noise_test
                0x0000000040219fc8                reset_noise_timer
                0x000000004021a000                pp_disable_idle_timer
                0x000000004021a024                pp_enable_idle_timer
                0x000000004021a04c                pp_try_enable_idle_timer
                0x000000004021a088                ppPeocessRxPktHdr
                0x000000004021a3bc                HdlAllBuffedEb
                0x000000004021a444                ppTxPkt
                0x000000004021a5bc                ppProcessWaitQ
                0x000000004021a5cc                ppRegisterTxCallback
                0x000000004021a5f4                ppUnregisterTxCallback
                0x000000004021a628                ppRecycleRxPkt
                0x000000004021a688                ppCheckTxIdle
                0x000000004021a904                pp_tx_idle_timeout
                0x000000004021aac8                DefFreqCalTimerCB
                0x000000004021ae44                ppGetTxQFirstAvail_Locked
                0x000000004021af24                pp_attach
 *fill*         0x000000004021b326        0x2 
 .irom0.text    0x000000004021b328      0x296 /opt/esp-open-sdk/sdk/lib/libpp.a(rate_control.o)
                                        0x2a2 (size before relaxing)
                0x000000004021b574                RC_SetBasicRate
 *fill*         0x000000004021b5be        0x2 
 .irom0.text    0x000000004021b5c0      0x5e9 /opt/esp-open-sdk/sdk/lib/libpp.a(trc.o)
                                        0x64d (size before relaxing)
                0x000000004021b5c0                phytype2mode
                0x000000004021b5dc                rc_set_rate_limit_id
                0x000000004021b6f8                rcUpdatePhyMode
                0x000000004021b8c4                rcAttach
                0x000000004021b910                rcGetTrc
                0x000000004021b918                trc_onDisconnect
                0x000000004021b91c                trc_onScanStart
                0x000000004021b930                trc_onScanDone
                0x000000004021b94c                rc_enable_trc
                0x000000004021ba24                rc_get_mask
                0x000000004021ba38                rc_disable_trc
                0x000000004021ba8c                rc_disable_trc_by_interface
                0x000000004021baa8                rc_get_sta_trc
                0x000000004021baec                rc_get_trc
                0x000000004021bb5c                rc_get_trc_by_index
                0x000000004021bb7c                rc_only_sta_trc
 *fill*         0x000000004021bba9        0x3 
 .irom0.text    0x000000004021bbac      0xaf7 /opt/esp-open-sdk/sdk/lib/libpp.a(wdev.o)
                                        0xc53 (size before relaxing)
                0x000000004021bbb8                wDev_Option_Init
                0x000000004021bcac                wDev_Enable_Beacon_Tsf
                0x000000004021bcc8                wDev_Disable_Beacon_Tsf
                0x000000004021bce4                wDev_Set_Beacon_Int
                0x000000004021bcec                wDev_Reset_TBTT
                0x000000004021bd1c                wDev_Get_Next_TBTT
                0x000000004021bf98                wDev_Initialize
                0x000000004021c008                wDevForceAck6M
                0x000000004021c024                wDev_SetMacAddress
                0x000000004021c0c0                wDev_SetRxPolicy
                0x000000004021c114                wDev_SetBssid
                0x000000004021c1ec                wDev_ClearBssid
                0x000000004021c224                wDev_Insert_KeyEntry
                0x000000004021c318                wDev_remove_KeyEntry
                0x000000004021c354                wDev_remove_KeyEntry_all_cnx
                0x000000004021c3a4                wDev_Crypto_Conf
                0x000000004021c440                wDev_Crypto_Disable
                0x000000004021c478                wDevEnableRx
                0x000000004021c4a0                wdev_go_sniffer
                0x000000004021c57c                wdev_set_sniffer_addr
                0x000000004021c5d4                wdev_exit_sniffer
 *fill*         0x000000004021c6a3        0x1 
 .irom0.text    0x000000004021c6a4      0x3ed /opt/esp-open-sdk/sdk/lib/libpp.a(esf_buf.o)
                                        0x4c1 (size before relaxing)
                0x000000004021c6ac                esf_buf_alloc
                0x000000004021c894                esf_buf_recycle
                0x000000004021c9d4                esf_buf_setup
 *fill*         0x000000004021ca91        0x3 
 .irom0.text    0x000000004021ca94      0x475 /opt/esp-open-sdk/sdk/lib/libnet80211.a(ieee80211.o)
                                        0x545 (size before relaxing)
                0x000000004021cb18                ieee80211_rate_ref_init
                0x000000004021cb2c                ieee80211_freedom_inside_cb
                0x000000004021cb5c                ieee80211_freedom_init
                0x000000004021cb80                ieee80211_user_ie_init
                0x000000004021cb9c                ieee80211_ifattach
                0x000000004021cc00                ieee80211_mhz2ieee
                0x000000004021cc5c                ieee80211_chan2ieee
                0x000000004021cc78                ieee80211_ieee2mhz
                0x000000004021ccb8                ieee80211_find_channel
                0x000000004021cce4                ieee80211_find_channel_byieee
                0x000000004021cd34                wifi_mode_set
 *fill*         0x000000004021cf09        0x3 
 .irom0.text    0x000000004021cf0c       0xcf /opt/esp-open-sdk/sdk/lib/libnet80211.a(ieee80211_crypto.o)
                                         0xd7 (size before relaxing)
                0x000000004021cf0c                ieee80211_crypto_attach
                0x000000004021cf10                ieee80211_crypto_available
                0x000000004021cf14                ieee80211_crypto_setkey
                0x000000004021cf18                ieee80211_crypto_encap
                0x000000004021cf70                ieee80211_crypto_decap
 *fill*         0x000000004021cfdb        0x1 
 .irom0.text    0x000000004021cfdc       0x4c /opt/esp-open-sdk/sdk/lib/libnet80211.a(ieee80211_ets.o)
                                         0x50 (size before relaxing)
                0x000000004021cfe0                ieee80211_getmgtframe
 .irom0.text    0x000000004021d028     0x1a08 /opt/esp-open-sdk/sdk/lib/libnet80211.a(ieee80211_hostap.o)
                                       0x1f77 (size before relaxing)
                0x000000004021d64c                ieee80211_hostap_attach
                0x000000004021d748                hostap_handle_timer
                0x000000004021d7e0                hostap_input
                0x000000004021e72c                wifi_softap_start
                0x000000004021e898                wifi_softap_stop
 *fill*         0x000000004021ea30        0x0 
 .irom0.text    0x000000004021ea30      0xa82 /opt/esp-open-sdk/sdk/lib/libnet80211.a(ieee80211_ht.o)
                                        0xb4e (size before relaxing)
                0x000000004021ea40                ieee80211_ht_attach
                0x000000004021ea94                ieee80211_ht_node_init
                0x000000004021ead4                ieee80211_ht_node_cleanup
                0x000000004021eb0c                ieee80211_parse_htcap
                0x000000004021ebf0                ieee80211_ht_updateparams
                0x000000004021ed04                ieee80211_setup_htrates
                0x000000004021edd0                ieee80211_setup_basic_htrates
                0x000000004021f11c                ieee80211_add_htcap
                0x000000004021f138                ieee80211_add_htcap_vendor
                0x000000004021f25c                ieee80211_add_htinfo
                0x000000004021f278                ieee80211_add_htinfo_vendor
 *fill*         0x000000004021f4b2        0x2 
 .irom0.text    0x000000004021f4b4      0xa8c /opt/esp-open-sdk/sdk/lib/libnet80211.a(ieee80211_input.o)
                                        0xb1c (size before relaxing)
                0x000000004021f4b4                ieee80211_deliver_data
                0x000000004021f508                ieee80211_decap
                0x000000004021f60c                ieee80211_setup_rates
                0x000000004021f67c                ieee80211_alloc_challenge
                0x000000004021f6b8                ieee80211_parse_beacon
                0x000000004021fc8c                ieee80211_parse_wpa
                0x000000004021fda0                ieee80211_parse_rsn
                0x000000004021fea0                ieee80211_parse_action
                0x000000004021ff3c                ieee80211_setup_rateset
 .irom0.text    0x000000004021ff40      0x2a6 /opt/esp-open-sdk/sdk/lib/libnet80211.a(ieee80211_mesh_quick.o)
                                        0x302 (size before relaxing)
                0x000000004021ff4c                ieee80211_mesh_quick_init
                0x000000004021ffbc                ieee80211_mesh_quick_deinit
                0x000000004021ffec                ieee80211_mesh_quick_set
                0x00000000402200e8                ieee80211_mesh_quick_get
                0x00000000402201b4                ieee80211_mesh_quick_ie_add
 *fill*         0x00000000402201e6        0x2 
 .irom0.text    0x00000000402201e8     0x1c56 /opt/esp-open-sdk/sdk/lib/libnet80211.a(ieee80211_output.o)
                                       0x1ff2 (size before relaxing)
                0x00000000402201ec                ieee80211_output_pbuf
                0x000000004022045c                ieee80211_send_setup
                0x0000000040220590                ieee80211_mgmt_output
                0x0000000040220674                ieee80211_tx_mgt_cb
                0x0000000040220678                ieee80211_send_nulldata
                0x0000000040220ae8                ieee80211_add_rates
                0x0000000040220b38                ieee80211_add_xrates
                0x0000000040220c08                ieee80211_send_probereq
                0x0000000040220e1c                ieee80211_getcapinfo
                0x0000000040220e78                ieee80211_send_mgmt
                0x0000000040221420                ieee80211_alloc_proberesp
                0x00000000402215f8                ieee80211_send_proberesp
                0x0000000040221740                ieee80211_alloc_deauth
                0x0000000040221780                ieee80211_send_deauth
                0x00000000402218bc                ieee80211_freedom_output
                0x0000000040221ca8                ieee80211_beacon_alloc
 *fill*         0x0000000040221e3e        0x2 
 .irom0.text    0x0000000040221e40       0xe0 /opt/esp-open-sdk/sdk/lib/libnet80211.a(ieee80211_phy.o)
                                        0x108 (size before relaxing)
                0x0000000040221e40                ieee80211_phy_init
                0x0000000040221e74                ieee80211_phy_type_get
                0x0000000040221e90                ieee80211_setup_ratetable
 .irom0.text    0x0000000040221f20      0x1b6 /opt/esp-open-sdk/sdk/lib/libnet80211.a(ieee80211_power.o)
                                        0x1f2 (size before relaxing)
                0x0000000040221f20                ieee80211_psq_init
                0x0000000040221f40                ieee80211_psq_cleanup
                0x0000000040221f48                ieee80211_set_tim
                0x0000000040221f88                ieee80211_pwrsave
                0x0000000040221ff0                pwrsave_flushq
                0x00000000402220a0                ieee80211_node_pwrsave
 *fill*         0x00000000402220d6        0x2 
 .irom0.text    0x00000000402220d8      0x101 /opt/esp-open-sdk/sdk/lib/libnet80211.a(ieee80211_proto.o)
                                        0x129 (size before relaxing)
                0x00000000402220dc                ieee80211_proto_attach
                0x0000000040222104                ieee80211_set_shortslottime
                0x0000000040222120                ieee80211_iserp_rateset
                0x0000000040222154                ieee80211_wme_initparams
                0x0000000040222158                ieee80211_wme_updateparams
                0x0000000040222160                ieee80211_mlme_connect_bss
 *fill*         0x00000000402221d9        0x3 
 .irom0.text    0x00000000402221dc       0xaa /opt/esp-open-sdk/sdk/lib/libnet80211.a(ieee80211_rfid.o)
                                         0xd6 (size before relaxing)
                0x00000000402221dc                ieee80211_rfid_locp_recv_open
                0x0000000040222214                ieee80211_rfid_locp_recv_close
                0x000000004022222c                ieee80211_rfid_locp_recv_reset
                0x000000004022224c                ieee80211_rfid_locp_recv
                0x0000000040222268                register_ieee80211_rfid_locp_recv_cb
                0x000000004022227c                unregister_ieee80211_rfid_locp_recv_cb
 *fill*         0x0000000040222286        0x2 
 .irom0.text    0x0000000040222288      0xf51 /opt/esp-open-sdk/sdk/lib/libnet80211.a(ieee80211_scan.o)
                                       0x12a1 (size before relaxing)
                0x0000000040222294                ieee80211_scan_attach
                0x0000000040222328                scan_start
                0x00000000402224e8                scan_pm_channel_op_cb
                0x0000000040222688                scan_cancel
                0x00000000402227e4                scan_add_bssid
                0x0000000040222808                scan_remove_bssid
                0x0000000040222814                scan_hidden_ssid
                0x000000004022281c                scan_add_probe_ssid
                0x0000000040222870                scan_remove_probe_ssid
                0x00000000402229ac                scan_clear_channles
                0x0000000040222a20                scan_set_desChan
                0x0000000040222a2c                scan_get_type
                0x0000000040222a34                cannel_scan_connect_state
                0x0000000040222a4c                scan_connect_state
                0x0000000040222a94                scan_check_hidden
                0x0000000040222ac0                scan_profile_check
                0x0000000040222e68                scan_parse_beacon
 *fill*         0x00000000402231d9        0x3 
 .irom0.text    0x00000000402231dc     0x103e /opt/esp-open-sdk/sdk/lib/libnet80211.a(ieee80211_sta.o)
                                       0x12c1 (size before relaxing)
                0x0000000040223238                sta_status_set
                0x00000000402232a4                ieee80211_sta_new_state
                0x0000000040223634                sta_input
                0x0000000040223b80                ieee80211_parse_wmeparams
                0x0000000040224170                wifi_station_start
                0x00000000402241e0                wifi_station_stop
 *fill*         0x000000004022421a        0x2 
 .irom0.text    0x000000004022421c      0x29e /opt/esp-open-sdk/sdk/lib/libnet80211.a(wl_chm.o)
                                        0x31e (size before relaxing)
                0x0000000040224228                chm_init
                0x000000004022428c                chm_acquire_lock
                0x00000000402242d0                chm_release_lock
                0x00000000402242e4                chm_start_op
                0x0000000040224388                chm_end_op
                0x00000000402243d0                chm_cancel_op